Aug-17 17:54:48.869 [main] DEBUG nextflow.cli.Launcher - $> nextflow run main.nf --samplesheet library-config.json --results ../results/
Aug-17 17:54:49.008 [main] INFO  nextflow.cli.CmdRun - N E X T F L O W  ~  version 23.10.1
Aug-17 17:54:49.067 [main] DEBUG nextflow.plugin.PluginsFacade - Setting up plugin manager > mode=prod; embedded=false; plugins-dir=/home/vthihong/.nextflow/plugins; core-plugins: nf-amazon@2.1.4,nf-azure@1.3.3,nf-cloudcache@0.3.0,nf-codecommit@0.1.5,nf-console@1.0.6,nf-ga4gh@1.1.0,nf-google@1.8.3,nf-tower@1.6.3,nf-wave@1.0.1
Aug-17 17:54:49.084 [main] INFO  o.pf4j.DefaultPluginStatusProvider - Enabled plugins: []
Aug-17 17:54:49.086 [main] INFO  o.pf4j.DefaultPluginStatusProvider - Disabled plugins: []
Aug-17 17:54:49.088 [main] INFO  org.pf4j.DefaultPluginManager - PF4J version 3.4.1 in 'deployment' mode
Aug-17 17:54:49.098 [main] INFO  org.pf4j.AbstractPluginManager - No plugins
Aug-17 17:54:49.114 [main] DEBUG nextflow.config.ConfigBuilder - Found config local: /nfs/turbo/umms-scjp-pank/vthihong/texera/20260817_tiny-workflow/scripts/nextflow.config
Aug-17 17:54:49.115 [main] DEBUG nextflow.config.ConfigBuilder - Parsing config file: /nfs/turbo/umms-scjp-pank/vthihong/texera/20260817_tiny-workflow/scripts/nextflow.config
Aug-17 17:54:49.169 [main] DEBUG nextflow.config.ConfigBuilder - Applying config profile: `standard`
Aug-17 17:54:50.582 [main] DEBUG nextflow.cli.CmdRun - Applied DSL=2 from script declararion
Aug-17 17:54:50.673 [main] INFO  nextflow.cli.CmdRun - Launching `main.nf` [sleepy_nobel] DSL2 - revision: ff3e7e36c3
Aug-17 17:54:50.674 [main] DEBUG nextflow.plugin.PluginsFacade - Plugins default=[]
Aug-17 17:54:50.674 [main] DEBUG nextflow.plugin.PluginsFacade - Plugins resolved requirement=[]
Aug-17 17:54:50.686 [main] DEBUG n.secret.LocalSecretsProvider - Secrets store: /home/vthihong/.nextflow/secrets/store.json
Aug-17 17:54:50.689 [main] DEBUG nextflow.secret.SecretsLoader - Discovered secrets providers: [nextflow.secret.LocalSecretsProvider@3a37a501] - activable => nextflow.secret.LocalSecretsProvider@3a37a501
Aug-17 17:54:50.798 [main] DEBUG nextflow.Session - Session UUID: 16e71e19-a4db-4c99-a882-9043edc15ad0
Aug-17 17:54:50.798 [main] DEBUG nextflow.Session - Run name: sleepy_nobel
Aug-17 17:54:50.799 [main] DEBUG nextflow.Session - Executor pool size: 72
Aug-17 17:54:50.806 [main] DEBUG nextflow.file.FilePorter - File porter settings maxRetries=3; maxTransfers=50; pollTimeout=null
Aug-17 17:54:50.810 [main] DEBUG nextflow.util.ThreadPoolBuilder - Creating thread pool 'FileTransfer' minSize=10; maxSize=216; workQueue=LinkedBlockingQueue[10000]; allowCoreThreadTimeout=false
Aug-17 17:54:50.890 [main] DEBUG nextflow.cli.CmdRun - 
  Version: 23.10.1 build 5891
  Created: 12-01-2024 22:01 UTC (17:01 EDT)
  System: Linux 4.18.0-553.146.1.el8_10.x86_64
  Runtime: Groovy 3.0.19 on OpenJDK 64-Bit Server VM 18.0.1.1+2-6
  Encoding: UTF-8 (UTF-8)
  Process: 43313@gl-login5.arc-ts.umich.edu [141.211.192.50]
  CPUs: 72 - Mem: 186.9 GB (37.3 GB) - Swap: 4 GB (0)
Aug-17 17:54:50.925 [main] DEBUG nextflow.Session - Work-dir: /nfs/turbo/umms-scjp-pank/vthihong/texera/20260817_tiny-workflow/scripts/work [nfs]
Aug-17 17:54:50.969 [main] DEBUG nextflow.executor.ExecutorFactory - Extension executors providers=[]
Aug-17 17:54:50.982 [main] DEBUG nextflow.Session - Observer factory: DefaultObserverFactory
Aug-17 17:54:51.068 [main] DEBUG nextflow.cache.CacheFactory - Using Nextflow cache factory: nextflow.cache.DefaultCacheFactory
Aug-17 17:54:51.089 [main] DEBUG nextflow.util.CustomThreadPool - Creating default thread pool > poolSize: 73; maxThreads: 1000
Aug-17 17:54:51.282 [main] DEBUG nextflow.Session - Session start
Aug-17 17:54:51.288 [main] DEBUG nextflow.trace.TraceFileObserver - Workflow started -- trace file: /nfs/turbo/umms-scjp-pank/vthihong/texera/20260817_tiny-workflow/scripts/trace-20260817-64490985.txt
Aug-17 17:54:52.289 [main] DEBUG nextflow.script.ScriptRunner - > Launching execution
Aug-17 17:54:52.664 [main] DEBUG nextflow.executor.ExecutorFactory - << taskConfig executor: slurm
Aug-17 17:54:52.665 [main] DEBUG nextflow.executor.ExecutorFactory - >> processorType: 'slurm'
Aug-17 17:54:52.674 [main] DEBUG nextflow.executor.Executor - [warm up] executor > slurm
Aug-17 17:54:52.680 [main] DEBUG n.processor.TaskPollingMonitor - Creating task monitor for executor 'slurm' > capacity: 100; pollInterval: 5s; dumpInterval: 5m 
Aug-17 17:54:52.682 [main] DEBUG n.processor.TaskPollingMonitor - >>> barrier register (monitor: slurm)
Aug-17 17:54:52.684 [main] DEBUG n.executor.AbstractGridExecutor - Creating executor 'slurm' > queue-stat-interval: 1m
Aug-17 17:54:52.796 [main] DEBUG nextflow.executor.ExecutorFactory - << taskConfig executor: slurm
Aug-17 17:54:52.796 [main] DEBUG nextflow.executor.ExecutorFactory - >> processorType: 'slurm'
Aug-17 17:54:52.801 [main] DEBUG nextflow.executor.ExecutorFactory - << taskConfig executor: slurm
Aug-17 17:54:52.801 [main] DEBUG nextflow.executor.ExecutorFactory - >> processorType: 'slurm'
Aug-17 17:54:52.804 [main] DEBUG nextflow.Session - Workflow process names [dsl2]: qc, plot_qc, interactive_barcode_rank_plot
Aug-17 17:54:52.813 [main] WARN  nextflow.Session - There's no process matching config selector: cellbender
Aug-17 17:54:52.815 [main] DEBUG nextflow.Session - Igniting dataflow network (4)
Aug-17 17:54:52.821 [main] DEBUG nextflow.processor.TaskProcessor - Starting process > qc
Aug-17 17:54:52.822 [main] DEBUG nextflow.processor.TaskProcessor - Starting process > plot_qc
Aug-17 17:54:52.823 [main] DEBUG nextflow.processor.TaskProcessor - Starting process > interactive_barcode_rank_plot
Aug-17 17:54:52.823 [main] DEBUG nextflow.script.ScriptRunner - Parsed script files:
  Script_b0cacfff583ffb99: /nfs/turbo/umms-scjp-pank/vthihong/texera/20260817_tiny-workflow/scripts/main.nf
Aug-17 17:54:52.823 [main] DEBUG nextflow.script.ScriptRunner - > Awaiting termination 
Aug-17 17:54:52.823 [main] DEBUG nextflow.Session - Session await
Aug-17 17:54:55.784 [Actor Thread 17] DEBUG nextflow.container.SingularityCache - Singularity found local store for image=library://porchard/default/general:20220107; path=/scratch/scjp_root/scjp99/vthihong/singularity-cache/porchard-default-general-20220107.img
Aug-17 17:54:55.785 [Actor Thread 18] DEBUG nextflow.container.SingularityCache - Singularity found local store for image=docker://porchard/plotly:20230705; path=/scratch/scjp_root/scjp99/vthihong/singularity-cache/porchard-plotly-20230705.img
Aug-17 17:54:56.137 [Task submitter] DEBUG nextflow.executor.GridTaskHandler - [SLURM] submitted process interactive_barcode_rank_plot (SAMN16081314_downsampled_1.7k-hg38) > jobId: 58049361; workDir: /nfs/turbo/umms-scjp-pank/vthihong/texera/20260817_tiny-workflow/scripts/work/6d/1dcfb27706053e72f30f6a227fe65c
Aug-17 17:54:56.137 [Task submitter] INFO  nextflow.Session - [6d/1dcfb2] Submitted process > interactive_barcode_rank_plot (SAMN16081314_downsampled_1.7k-hg38)
Aug-17 17:54:56.296 [Task submitter] DEBUG nextflow.executor.GridTaskHandler - [SLURM] submitted process qc (SAMN16081314_downsampled_1.7k-hg38) > jobId: 58049362; workDir: /nfs/turbo/umms-scjp-pank/vthihong/texera/20260817_tiny-workflow/scripts/work/2e/700a6a7c3c7d5d448c87dd0f547204
Aug-17 17:54:56.297 [Task submitter] INFO  nextflow.Session - [2e/700a6a] Submitted process > qc (SAMN16081314_downsampled_1.7k-hg38)
Aug-17 17:56:27.697 [Task monitor] DEBUG n.processor.TaskPollingMonitor - Task completed > TaskHandler[jobId: 58049362; id: 1; name: qc (SAMN16081314_downsampled_1.7k-hg38); status: COMPLETED; exit: 0; error: -; workDir: /nfs/turbo/umms-scjp-pank/vthihong/texera/20260817_tiny-workflow/scripts/work/2e/700a6a7c3c7d5d448c87dd0f547204 started: 1787003700681; exited: 2026-08-17T21:56:04.510189Z; ]
Aug-17 17:56:27.714 [Actor Thread 24] DEBUG nextflow.container.SingularityCache - Singularity found local store for image=library://porchard/default/dropkick:20220225; path=/scratch/scjp_root/scjp99/vthihong/singularity-cache/porchard-default-dropkick-20220225.img
Aug-17 17:56:27.852 [Task submitter] DEBUG nextflow.executor.GridTaskHandler - [SLURM] submitted process plot_qc (SAMN16081314_downsampled_1.7k-hg38) > jobId: 58049752; workDir: /nfs/turbo/umms-scjp-pank/vthihong/texera/20260817_tiny-workflow/scripts/work/e0/73a9252ca362648914f8786e6266bd
Aug-17 17:56:27.852 [Task submitter] INFO  nextflow.Session - [e0/73a925] Submitted process > plot_qc (SAMN16081314_downsampled_1.7k-hg38)
Aug-17 17:57:32.697 [Task monitor] DEBUG n.processor.TaskPollingMonitor - Task completed > TaskHandler[jobId: 58049361; id: 2; name: interactive_barcode_rank_plot (SAMN16081314_downsampled_1.7k-hg38); status: COMPLETED; exit: 0; error: -; workDir: /nfs/turbo/umms-scjp-pank/vthihong/texera/20260817_tiny-workflow/scripts/work/6d/1dcfb27706053e72f30f6a227fe65c started: 1787003700676; exited: 2026-08-17T21:57:01.771229Z; ]
Aug-17 17:58:37.696 [Task monitor] DEBUG n.processor.TaskPollingMonitor - Task completed > TaskHandler[jobId: 58049752; id: 3; name: plot_qc (SAMN16081314_downsampled_1.7k-hg38); status: COMPLETED; exit: 0; error: -; workDir: /nfs/turbo/umms-scjp-pank/vthihong/texera/20260817_tiny-workflow/scripts/work/e0/73a9252ca362648914f8786e6266bd started: 1787003822716; exited: 2026-08-17T21:57:55.920464Z; ]
Aug-17 17:58:37.706 [main] DEBUG nextflow.Session - Session await > all processes finished
Aug-17 17:58:37.710 [Task monitor] DEBUG n.processor.TaskPollingMonitor - <<< barrier arrives (monitor: slurm) - terminating tasks monitor poll loop
Aug-17 17:58:37.711 [main] DEBUG nextflow.Session - Session await > all barriers passed
Aug-17 17:58:37.717 [main] DEBUG n.trace.WorkflowStatsObserver - Workflow completed > WorkflowStats[succeededCount=3; failedCount=0; ignoredCount=0; cachedCount=0; pendingCount=0; submittedCount=0; runningCount=0; retriesCount=0; abortedCount=0; succeedDuration=3m 47s; failedDuration=0ms; cachedDuration=0ms;loadCpus=0; loadMemory=0; peakRunning=2; peakCpus=2; peakMemory=40 GB; ]
Aug-17 17:58:37.717 [main] DEBUG nextflow.trace.TraceFileObserver - Workflow completed -- saving trace file
Aug-17 17:58:37.720 [main] DEBUG nextflow.trace.ReportObserver - Workflow completed -- rendering execution report
Aug-17 17:58:38.613 [main] DEBUG nextflow.cache.CacheDB - Closing CacheDB done
Aug-17 17:58:38.633 [main] DEBUG nextflow.util.ThreadPoolManager - Thread pool 'FileTransfer' shutdown completed (hard=false)
Aug-17 17:58:38.633 [main] DEBUG nextflow.script.ScriptRunner - > Execution complete -- Goodbye
